18:48:11 **** Rebuild of configuration Debug for project nucleo-32_F303 ****
Info: Internal Builder is used for build
arm-atollic-eabi-gcc -c ..\app\src\MadgwickAHRS.c -mthumb -mcpu=cortex-m4 -mfloat-abi=hard -mfpu=fpv4-sp-d16 -std=gnu11 -DSTM32F303x8 -DUSE_HSI -IC:\Users\cyril\Documents\GitHub\STM32\nucleo-32_F303\app\inc -IC:\Users\cyril\Documents\GitHub\STM32\nucleo-32_F303\bsp\inc -IC:\Users\cyril\Documents\GitHub\STM32\nucleo-32_F303\cmsis\core -IC:\Users\cyril\Documents\GitHub\STM32\nucleo-32_F303\cmsis\device\inc -O0 -g -fstack-usage -Wall -specs=nano.specs -o app\src\MadgwickAHRS.o 
arm-atollic-eabi-gcc -c ..\app\src\main.c -mthumb -mcpu=cortex-m4 -mfloat-abi=hard -mfpu=fpv4-sp-d16 -std=gnu11 -DSTM32F303x8 -DUSE_HSI -IC:\Users\cyril\Documents\GitHub\STM32\nucleo-32_F303\app\inc -IC:\Users\cyril\Documents\GitHub\STM32\nucleo-32_F303\bsp\inc -IC:\Users\cyril\Documents\GitHub\STM32\nucleo-32_F303\cmsis\core -IC:\Users\cyril\Documents\GitHub\STM32\nucleo-32_F303\cmsis\device\inc -O0 -g -fstack-usage -Wall -specs=nano.specs -o app\src\main.o 
..\app\src\main.c: In function 'main':
..\app\src\main.c:70:2: warning: implicit declaration of function 'kinematic_torsion' [-Wimplicit-function-declaration]
  kinematic_torsion(1500);
  ^~~~~~~~~~~~~~~~~
..\app\src\main.c:82:2: warning: implicit declaration of function 'BSP_TIMER_Timebase_Init' [-Wimplicit-function-declaration]
  BSP_TIMER_Timebase_Init();
  ^~~~~~~~~~~~~~~~~~~~~~~
..\app\src\main.c:100:37: warning: pointer targets in passing argument 2 of 'BSP_SPI_Read' differ in signedness [-Wpointer-sign]
   BSP_SPI_Read(MPUREG_ACCEL_XOUT_H, mpu_data, 14);
                                     ^~~~~~~~
In file included from C:\Users\cyril\Documents\GitHub\STM32\nucleo-32_F303\app\inc/main.h:18:0,
                 from ..\app\src\main.c:1:
C:\Users\cyril\Documents\GitHub\STM32\nucleo-32_F303\bsp\inc/spi.h:15:6: note: expected 'uint8_t * {aka unsigned char *}' but argument is of type 'int8_t * {aka signed char *}'
 void BSP_SPI_Read(uint8_t, uint8_t *, uint8_t );
      ^~~~~~~~~~~~
..\app\src\main.c: At top level:
..\app\src\main.c:280:6: warning: conflicting types for 'kinematic_torsion'
 void kinematic_torsion(uint16_t inclinaison_pulse){
      ^~~~~~~~~~~~~~~~~
..\app\src\main.c:70:2: note: previous implicit declaration of 'kinematic_torsion' was here
  kinematic_torsion(1500);
  ^~~~~~~~~~~~~~~~~
arm-atollic-eabi-gcc -c ..\bsp\src\i2c.c -mthumb -mcpu=cortex-m4 -mfloat-abi=hard -mfpu=fpv4-sp-d16 -std=gnu11 -DSTM32F303x8 -DUSE_HSI -IC:\Users\cyril\Documents\GitHub\STM32\nucleo-32_F303\app\inc -IC:\Users\cyril\Documents\GitHub\STM32\nucleo-32_F303\bsp\inc -IC:\Users\cyril\Documents\GitHub\STM32\nucleo-32_F303\cmsis\core -IC:\Users\cyril\Documents\GitHub\STM32\nucleo-32_F303\cmsis\device\inc -O0 -g -fstack-usage -Wall -specs=nano.specs -o bsp\src\i2c.o 
arm-atollic-eabi-gcc -c ..\cmsis\device\src\system_stm32f3xx.c -mthumb -mcpu=cortex-m4 -mfloat-abi=hard -mfpu=fpv4-sp-d16 -std=gnu11 -DSTM32F303x8 -DUSE_HSI -IC:\Users\cyril\Documents\GitHub\STM32\nucleo-32_F303\app\inc -IC:\Users\cyril\Documents\GitHub\STM32\nucleo-32_F303\bsp\inc -IC:\Users\cyril\Documents\GitHub\STM32\nucleo-32_F303\cmsis\core -IC:\Users\cyril\Documents\GitHub\STM32\nucleo-32_F303\cmsis\device\inc -O0 -g -fstack-usage -Wall -specs=nano.specs -o cmsis\device\src\system_stm32f3xx.o 
arm-atollic-eabi-gcc -c ..\app\src\printf-stdarg.c -mthumb -mcpu=cortex-m4 -mfloat-abi=hard -mfpu=fpv4-sp-d16 -std=gnu11 -DSTM32F303x8 -DUSE_HSI -IC:\Users\cyril\Documents\GitHub\STM32\nucleo-32_F303\app\inc -IC:\Users\cyril\Documents\GitHub\STM32\nucleo-32_F303\bsp\inc -IC:\Users\cyril\Documents\GitHub\STM32\nucleo-32_F303\cmsis\core -IC:\Users\cyril\Documents\GitHub\STM32\nucleo-32_F303\cmsis\device\inc -O0 -g -fstack-usage -Wall -specs=nano.specs -o app\src\printf-stdarg.o 
arm-atollic-eabi-gcc -c -mthumb -mcpu=cortex-m4 -mfloat-abi=hard -mfpu=fpv4-sp-d16 -g -Wa,--warn -x assembler-with-cpp -specs=nano.specs -o cmsis\device\src\startup_stm32f303x8.o ..\cmsis\device\src\startup_stm32f303x8.s 
arm-atollic-eabi-gcc -c ..\bsp\src\spi.c -mthumb -mcpu=cortex-m4 -mfloat-abi=hard -mfpu=fpv4-sp-d16 -std=gnu11 -DSTM32F303x8 -DUSE_HSI -IC:\Users\cyril\Documents\GitHub\STM32\nucleo-32_F303\app\inc -IC:\Users\cyril\Documents\GitHub\STM32\nucleo-32_F303\bsp\inc -IC:\Users\cyril\Documents\GitHub\STM32\nucleo-32_F303\cmsis\core -IC:\Users\cyril\Documents\GitHub\STM32\nucleo-32_F303\cmsis\device\inc -O0 -g -fstack-usage -Wall -specs=nano.specs -o bsp\src\spi.o 
arm-atollic-eabi-gcc -c ..\bsp\src\mpu9250.c -mthumb -mcpu=cortex-m4 -mfloat-abi=hard -mfpu=fpv4-sp-d16 -std=gnu11 -DSTM32F303x8 -DUSE_HSI -IC:\Users\cyril\Documents\GitHub\STM32\nucleo-32_F303\app\inc -IC:\Users\cyril\Documents\GitHub\STM32\nucleo-32_F303\bsp\inc -IC:\Users\cyril\Documents\GitHub\STM32\nucleo-32_F303\cmsis\core -IC:\Users\cyril\Documents\GitHub\STM32\nucleo-32_F303\cmsis\device\inc -O0 -g -fstack-usage -Wall -specs=nano.specs -o bsp\src\mpu9250.o 
arm-atollic-eabi-gcc -c ..\bsp\src\bsp.c -mthumb -mcpu=cortex-m4 -mfloat-abi=hard -mfpu=fpv4-sp-d16 -std=gnu11 -DSTM32F303x8 -DUSE_HSI -IC:\Users\cyril\Documents\GitHub\STM32\nucleo-32_F303\app\inc -IC:\Users\cyril\Documents\GitHub\STM32\nucleo-32_F303\bsp\inc -IC:\Users\cyril\Documents\GitHub\STM32\nucleo-32_F303\cmsis\core -IC:\Users\cyril\Documents\GitHub\STM32\nucleo-32_F303\cmsis\device\inc -O0 -g -fstack-usage -Wall -specs=nano.specs -o bsp\src\bsp.o 
arm-atollic-eabi-gcc -c ..\bsp\src\delay.c -mthumb -mcpu=cortex-m4 -mfloat-abi=hard -mfpu=fpv4-sp-d16 -std=gnu11 -DSTM32F303x8 -DUSE_HSI -IC:\Users\cyril\Documents\GitHub\STM32\nucleo-32_F303\app\inc -IC:\Users\cyril\Documents\GitHub\STM32\nucleo-32_F303\bsp\inc -IC:\Users\cyril\Documents\GitHub\STM32\nucleo-32_F303\cmsis\core -IC:\Users\cyril\Documents\GitHub\STM32\nucleo-32_F303\cmsis\device\inc -O0 -g -fstack-usage -Wall -specs=nano.specs -o bsp\src\delay.o 
arm-atollic-eabi-gcc -c ..\app\src\stm32f3xx_it.c -mthumb -mcpu=cortex-m4 -mfloat-abi=hard -mfpu=fpv4-sp-d16 -std=gnu11 -DSTM32F303x8 -DUSE_HSI -IC:\Users\cyril\Documents\GitHub\STM32\nucleo-32_F303\app\inc -IC:\Users\cyril\Documents\GitHub\STM32\nucleo-32_F303\bsp\inc -IC:\Users\cyril\Documents\GitHub\STM32\nucleo-32_F303\cmsis\core -IC:\Users\cyril\Documents\GitHub\STM32\nucleo-32_F303\cmsis\device\inc -O0 -g -fstack-usage -Wall -specs=nano.specs -o app\src\stm32f3xx_it.o 
arm-atollic-eabi-gcc -c ..\bsp\src\mpu6050.c -mthumb -mcpu=cortex-m4 -mfloat-abi=hard -mfpu=fpv4-sp-d16 -std=gnu11 -DSTM32F303x8 -DUSE_HSI -IC:\Users\cyril\Documents\GitHub\STM32\nucleo-32_F303\app\inc -IC:\Users\cyril\Documents\GitHub\STM32\nucleo-32_F303\bsp\inc -IC:\Users\cyril\Documents\GitHub\STM32\nucleo-32_F303\cmsis\core -IC:\Users\cyril\Documents\GitHub\STM32\nucleo-32_F303\cmsis\device\inc -O0 -g -fstack-usage -Wall -specs=nano.specs -o bsp\src\mpu6050.o 
..\bsp\src\mpu6050.c: In function 'BSP_MPU6050_init':
..\bsp\src\mpu6050.c:17:2: warning: implicit declaration of function 'BSP_I2C1_Write' [-Wimplicit-function-declaration]
  BSP_I2C1_Write(0x68, 0x1b, tx_data, 1); // set gyro = 500°/s
  ^~~~~~~~~~~~~~
arm-atollic-eabi-gcc -o nucleo-32_F303.elf app\src\MadgwickAHRS.o app\src\main.o app\src\printf-stdarg.o app\src\stm32f3xx_it.o bsp\src\bsp.o bsp\src\delay.o bsp\src\i2c.o bsp\src\mpu6050.o bsp\src\mpu9250.o bsp\src\spi.o cmsis\device\src\startup_stm32f303x8.o cmsis\device\src\system_stm32f3xx.o -mthumb -mcpu=cortex-m4 -mfloat-abi=hard -mfpu=fpv4-sp-d16 -TC:\Users\cyril\Documents\GitHub\STM32\nucleo-32_F303\STM32F303K8Tx_FLASH.ld -specs=nosys.specs -static -Wl,-cref,-u,Reset_Handler -Wl,-Map=nucleo-32_F303.map -Wl,--defsym=malloc_getpagesize_P=0x80 -Wl,--start-group -lc -lm -Wl,--end-group -specs=nano.specs 
C:\Program Files (x86)\Atollic\TrueSTUDIO for STM32 9.3.0\ide\jre\bin\java -jar C:\Program Files (x86)\Atollic\TrueSTUDIO for STM32 9.3.0\Tools\arm-atollic-reports.jar sizeinfo list nucleo-32_F303.elf 
Generate build reports...
Print size information
   text	   data	    bss	    dec	    hex	filename
  18008	    128	   1744	  19880	   4da8	nucleo-32_F303.elf
Print size information done
Generate listing file
Output sent to: nucleo-32_F303.list
Generate listing file done
Generate build reports done

18:48:15 Build Finished (took 3s.175ms)

